Copyright 1986-2023 Xilinx, Inc. All Rights Reserved.
--------------------------------------------------------------------------------------
| Tool Version : Vivado v.2022.2.2 (lin64) Build 3788238 Tue Feb 21 19:59:23 MST 2023
| Date         : Tue Jun 18 10:11:01 2024
| Host         : tony-ubuntu running 64-bit Ubuntu 22.04.4 LTS
| Command      : report_control_sets -verbose -file RV32I_SoC_control_sets_placed.rpt
| Design       : RV32I_SoC
| Device       : xc7z020
--------------------------------------------------------------------------------------

Control Set Information

Table of Contents
-----------------
1. Summary
2. Histogram
3. Flip-Flop Distribution
4. Detailed Control Set Information

1. Summary
----------

+----------------------------------------------------------+-------+
|                          Status                          | Count |
+----------------------------------------------------------+-------+
| Total control sets                                       |    48 |
|    Minimum number of control sets                        |    48 |
|    Addition due to synthesis replication                 |     0 |
|    Addition due to physical synthesis replication        |     0 |
| Unused register locations in slices containing registers |    61 |
+----------------------------------------------------------+-------+
* Control sets can be merged at opt_design using control_set_merge or merge_equivalent_drivers
** Run report_qor_suggestions for automated merging and remapping suggestions


2. Histogram
------------

+--------------------+-------+
|       Fanout       | Count |
+--------------------+-------+
| Total control sets |    48 |
| >= 0 to < 4        |     5 |
| >= 4 to < 6        |     1 |
| >= 6 to < 8        |     6 |
| >= 8 to < 10       |     2 |
| >= 10 to < 12      |     0 |
| >= 12 to < 14      |     1 |
| >= 14 to < 16      |     0 |
| >= 16              |    33 |
+--------------------+-------+
* Control sets can be remapped at either synth_design or opt_design


3. Flip-Flop Distribution
-------------------------

+--------------+-----------------------+------------------------+-----------------+--------------+
| Clock Enable | Synchronous Set/Reset | Asynchronous Set/Reset | Total Registers | Total Slices |
+--------------+-----------------------+------------------------+-----------------+--------------+
| No           | No                    | No                     |              36 |           19 |
| No           | No                    | Yes                    |              98 |           30 |
| No           | Yes                   | No                     |              10 |            7 |
| Yes          | No                    | No                     |             992 |          517 |
| Yes          | No                    | Yes                    |              21 |            5 |
| Yes          | Yes                   | No                     |              54 |           18 |
+--------------+-----------------------+------------------------+-----------------+--------------+


4. Detailed Control Set Information
-----------------------------------

+---------------------------------------+-------------------------------------------+------------------------------------+------------------+----------------+--------------+
|              Clock Signal             |               Enable Signal               |          Set/Reset Signal          | Slice Load Count | Bel Load Count | Bels / Slice |
+---------------------------------------+-------------------------------------------+------------------------------------+------------------+----------------+--------------+
|  iDec/cs_mem_reg/G0                   |                                           |                                    |                1 |              1 |         1.00 |
|  iCPU/regfile_inst/cs_mem_reg_i_7_1   |                                           | iCPU/regfile_inst/cs_mem_reg_i_4_0 |                1 |              1 |         1.00 |
|  clk_125mhz_IBUF                      |                                           |                                    |                1 |              1 |         1.00 |
|  iCPU/regfile_inst/bbstub_douta[13]_0 |                                           |                                    |                1 |              1 |         1.00 |
|  iDec/cs_gpio_reg/G0                  |                                           |                                    |                1 |              1 |         1.00 |
|  iPLL/inst/clk0                       | iCPU/regfile_inst/pc_next_reg[3]_i_2_0[0] | rst                                |                2 |              4 |         2.00 |
|  iPLL/inst/clk0                       | iCPU/regfile_inst/HEX4[6]_i_4_0[0]        | rst                                |                3 |              7 |         2.33 |
|  iPLL/inst/clk0                       | iCPU/regfile_inst/E[0]                    | rst                                |                1 |              7 |         7.00 |
|  iPLL/inst/clk0                       | iCPU/regfile_inst/pc_next_reg[1]_i_2_0[0] | rst                                |                1 |              7 |         7.00 |
|  iPLL/inst/clk0                       | iCPU/regfile_inst/pc_next_reg[3]_i_2_2[0] | rst                                |                3 |              7 |         2.33 |
|  iPLL/inst/clk0                       | iCPU/regfile_inst/pc_next_reg[3]_i_2_3[0] | rst                                |                2 |              7 |         3.50 |
|  iPLL/inst/clk0                       | iCPU/regfile_inst/pc_next_reg[3]_i_2_1[0] | rst                                |                3 |              7 |         2.33 |
|  iPLL/inst/clk0                       | iCPU/regfile_inst/cs_uart_reg[0]          | rst                                |                3 |              8 |         2.67 |
|  iPLL/inst/clk0                       | iUART/urx/FSM_onehot_state[10]_i_1_n_1    | rst                                |                2 |              9 |         4.50 |
|  iPLL/inst/clk0                       | iSeg7/seg_cnt_reg[13]                     | rst                                |                3 |             12 |         4.00 |
|  iPLL/inst/clk0                       | iCPU/regfile_inst/x25                     |                                    |               18 |             32 |         1.78 |
|  iPLL/inst/clk0                       | iCPU/regfile_inst/x15[31]_i_1_n_1         |                                    |               14 |             32 |         2.29 |
|  iPLL/inst/clk0                       | iCPU/regfile_inst/x28                     |                                    |               19 |             32 |         1.68 |
|  iPLL/inst/clk0                       | iCPU/regfile_inst/x9                      |                                    |               20 |             32 |         1.60 |
|  iPLL/inst/clk0                       | iCPU/regfile_inst/x2[31]_i_1_n_1          |                                    |               16 |             32 |         2.00 |
|  iPLL/inst/clk0                       | iCPU/regfile_inst/x29                     |                                    |               17 |             32 |         1.88 |
|  iPLL/inst/clk0                       | iCPU/regfile_inst/x16                     |                                    |               15 |             32 |         2.13 |
|  iPLL/inst/clk0                       | iCPU/regfile_inst/x12                     |                                    |               16 |             32 |         2.00 |
|  iPLL/inst/clk0                       | iCPU/regfile_inst/x24                     |                                    |               16 |             32 |         2.00 |
|  iPLL/inst/clk0                       | iCPU/regfile_inst/x13[31]_i_1_n_1         |                                    |               12 |             32 |         2.67 |
|  iPLL/inst/clk0                       | iCPU/regfile_inst/x8                      |                                    |               12 |             32 |         2.67 |
|  iPLL/inst/clk0                       | iCPU/regfile_inst/x3                      |                                    |               16 |             32 |         2.00 |
|  iPLL/inst/clk0                       | iCPU/regfile_inst/x30                     |                                    |               22 |             32 |         1.45 |
|  iPLL/inst/clk0                       | iCPU/regfile_inst/x31                     |                                    |               22 |             32 |         1.45 |
|  iPLL/inst/clk0                       | iCPU/regfile_inst/x19                     |                                    |               21 |             32 |         1.52 |
|  n_0_713_BUFG                         |                                           |                                    |               15 |             32 |         2.13 |
|  iPLL/inst/clk0                       | iCPU/regfile_inst/x5                      |                                    |               12 |             32 |         2.67 |
|  iPLL/inst/clk0                       | iCPU/regfile_inst/x23                     |                                    |               19 |             32 |         1.68 |
|  iPLL/inst/clk0                       | iCPU/regfile_inst/x10                     |                                    |               15 |             32 |         2.13 |
|  iPLL/inst/clk0                       | iCPU/regfile_inst/x1                      |                                    |               12 |             32 |         2.67 |
|  iPLL/inst/clk0                       | iCPU/regfile_inst/x14                     |                                    |               14 |             32 |         2.29 |
|  iPLL/inst/clk0                       | iCPU/regfile_inst/x17                     |                                    |               15 |             32 |         2.13 |
|  iPLL/inst/clk0                       | iCPU/regfile_inst/x18                     |                                    |               16 |             32 |         2.00 |
|  iPLL/inst/clk0                       | iCPU/regfile_inst/x11[31]_i_1_n_1         |                                    |               20 |             32 |         1.60 |
|  iPLL/inst/clk0                       | iCPU/regfile_inst/x26                     |                                    |               17 |             32 |         1.88 |
|  iPLL/inst/clk0                       | iCPU/regfile_inst/x27                     |                                    |               16 |             32 |         2.00 |
|  iPLL/inst/clk0                       | iCPU/regfile_inst/x6                      |                                    |               15 |             32 |         2.13 |
|  iPLL/inst/clk0                       | iCPU/regfile_inst/x7                      |                                    |               26 |             32 |         1.23 |
|  iPLL/inst/clk0                       | iCPU/regfile_inst/x4[31]_i_1_n_1          |                                    |               13 |             32 |         2.46 |
|  iPLL/inst/clk0                       | iCPU/regfile_inst/x20                     |                                    |               17 |             32 |         1.88 |
|  iPLL/inst/clk0                       | iCPU/regfile_inst/x21                     |                                    |               15 |             32 |         2.13 |
|  iPLL/inst/clk0                       | iCPU/regfile_inst/x22                     |                                    |               19 |             32 |         1.68 |
|  iPLL/inst/clk0                       |                                           | rst                                |               36 |            107 |         2.97 |
+---------------------------------------+-------------------------------------------+------------------------------------+------------------+----------------+--------------+


